// Jest Snapshot v1, https://goo.gl/fbAQLP

exports[`lib renderer generateDocFromSchema() generates Markdown document structure from GraphQL schema 1`] = `
Object {
  "children": Array [
    Object {
      "children": Array [
        Object {
          "extension": ".mdx",
          "name": "deprecated.mdx",
          "path": "output/directives/deprecated.mdx",
          "size": 663,
          "type": "file",
        },
        Object {
          "extension": ".mdx",
          "name": "include.mdx",
          "path": "output/directives/include.mdx",
          "size": 458,
          "type": "file",
        },
        Object {
          "extension": ".mdx",
          "name": "skip.mdx",
          "path": "output/directives/skip.mdx",
          "size": 440,
          "type": "file",
        },
        Object {
          "extension": ".mdx",
          "name": "specified-by.mdx",
          "path": "output/directives/specified-by.mdx",
          "size": 471,
          "type": "file",
        },
      ],
      "name": "directives",
      "path": "output/directives",
      "size": 2032,
      "type": "directory",
    },
    Object {
      "children": Array [],
      "name": "enums",
      "path": "output/enums",
      "size": 0,
      "type": "directory",
    },
    Object {
      "children": Array [],
      "name": "inputs",
      "path": "output/inputs",
      "size": 0,
      "type": "directory",
    },
    Object {
      "children": Array [],
      "name": "interfaces",
      "path": "output/interfaces",
      "size": 0,
      "type": "directory",
    },
    Object {
      "children": Array [],
      "name": "objects",
      "path": "output/objects",
      "size": 0,
      "type": "directory",
    },
    Object {
      "children": Array [
        Object {
          "extension": ".mdx",
          "name": "boolean.mdx",
          "path": "output/scalars/boolean.mdx",
          "size": 316,
          "type": "file",
        },
        Object {
          "extension": ".mdx",
          "name": "date.mdx",
          "path": "output/scalars/date.mdx",
          "size": 266,
          "type": "file",
        },
        Object {
          "extension": ".mdx",
          "name": "id.mdx",
          "path": "output/scalars/id.mdx",
          "size": 578,
          "type": "file",
        },
        Object {
          "extension": ".mdx",
          "name": "int.mdx",
          "path": "output/scalars/int.mdx",
          "size": 380,
          "type": "file",
        },
        Object {
          "extension": ".mdx",
          "name": "string.mdx",
          "path": "output/scalars/string.mdx",
          "size": 439,
          "type": "file",
        },
        Object {
          "extension": ".mdx",
          "name": "url.mdx",
          "path": "output/scalars/url.mdx",
          "size": 263,
          "type": "file",
        },
      ],
      "name": "scalars",
      "path": "output/scalars",
      "size": 2242,
      "type": "directory",
    },
    Object {
      "children": Array [],
      "name": "unions",
      "path": "output/unions",
      "size": 0,
      "type": "directory",
    },
  ],
  "name": "output",
  "path": "output",
  "size": 4274,
  "type": "directory",
}
`;

exports[`lib renderer generateDocFromSchema() generates Markdown document structure from GraphQL schema 2`] = `
Object {
  "children": Array [
    Object {
      "extension": "",
      "name": ".schema",
      "path": "tmp/.schema",
      "size": 64,
      "type": "file",
    },
    Object {
      "extension": ".graphql",
      "name": "schema.graphql",
      "path": "tmp/schema.graphql",
      "size": 1173,
      "type": "file",
    },
  ],
  "name": "tmp",
  "path": "tmp",
  "size": 1237,
  "type": "directory",
}
`;
