// Jest Snapshot v1, https://goo.gl/fbAQLP

exports[`parser parseSchema should returned a parsed schema 1`] = `
Array [
  Object {
    "directives": Array [
      Object {
        "arguments": Array [
          Object {
            "kind": "Argument",
            "name": "url",
            "value": "https://www.w3.org/TR/SRI",
          },
        ],
        "kind": "Directive",
        "name": "@specifiedBy",
      },
    ],
    "kind": "ScalarTypeDefinition",
    "name": "SRI",
    "simplifiedKind": "scalar",
  },
  Object {
    "directives": Array [],
    "fields": Array [
      Object {
        "arguments": Array [],
        "description": undefined,
        "directives": Array [],
        "isList": false,
        "isNull": false,
        "kind": "FieldDefinition",
        "name": "id",
        "type": "ID",
      },
    ],
    "interfaces": Array [],
    "kind": "InterfaceTypeDefinition",
    "name": "Node",
    "simplifiedKind": "InterfaceTypeDefinition",
  },
  Object {
    "directives": Array [],
    "kind": "EnumTypeDefinition",
    "name": "MediaType",
    "simplifiedKind": "enum",
    "values": Array [
      Object {
        "directives": Array [],
        "kind": "EnumValueDefinition",
        "name": "IMAGE",
      },
      Object {
        "directives": Array [],
        "kind": "EnumValueDefinition",
        "name": "VIDEO",
      },
    ],
  },
  Object {
    "directives": Array [],
    "fields": Array [
      Object {
        "arguments": Array [],
        "description": undefined,
        "directives": Array [],
        "isList": false,
        "isNull": false,
        "kind": "FieldDefinition",
        "name": "url",
        "type": "Url",
      },
      Object {
        "arguments": Array [],
        "description": undefined,
        "directives": Array [],
        "isList": false,
        "isNull": false,
        "kind": "FieldDefinition",
        "name": "sri",
        "type": "SRI",
      },
      Object {
        "arguments": Array [],
        "description": undefined,
        "directives": Array [],
        "isList": false,
        "isNull": false,
        "kind": "FieldDefinition",
        "name": "type",
        "type": "MediaType",
      },
    ],
    "interfaces": Array [],
    "kind": "ObjectTypeDefinition",
    "name": "Media",
    "simplifiedKind": "object",
  },
  Object {
    "directives": Array [],
    "fields": Array [
      Object {
        "arguments": Array [],
        "description": undefined,
        "directives": Array [],
        "isList": false,
        "isNull": false,
        "kind": "FieldDefinition",
        "name": "message",
        "type": "String",
      },
    ],
    "interfaces": Array [],
    "kind": "ObjectTypeDefinition",
    "name": "Error",
    "simplifiedKind": "object",
  },
  Object {
    "directives": Array [],
    "kind": "UnionTypeDefinition",
    "name": "TweetResponse",
    "simplifiedKind": "union",
    "types": Array [
      Object {
        "isList": false,
        "isNull": true,
        "type": "Tweet",
      },
      Object {
        "isList": false,
        "isNull": true,
        "type": "Error",
      },
    ],
  },
  Object {
    "directives": Array [],
    "fields": Array [
      Object {
        "arguments": Array [],
        "description": undefined,
        "directives": Array [],
        "isList": false,
        "isNull": false,
        "kind": "FieldDefinition",
        "name": "id",
        "type": "ID",
      },
      Object {
        "arguments": Array [],
        "description": undefined,
        "directives": Array [],
        "isList": false,
        "isNull": true,
        "kind": "FieldDefinition",
        "name": "body",
        "type": "String",
      },
      Object {
        "arguments": Array [],
        "description": undefined,
        "directives": Array [],
        "isList": false,
        "isNull": true,
        "kind": "FieldDefinition",
        "name": "date",
        "type": "Date",
      },
      Object {
        "arguments": Array [],
        "description": undefined,
        "directives": Array [],
        "isList": false,
        "isNull": true,
        "kind": "FieldDefinition",
        "name": "Author",
        "type": "User",
      },
      Object {
        "arguments": Array [],
        "description": undefined,
        "directives": Array [],
        "isList": false,
        "isNull": true,
        "kind": "FieldDefinition",
        "name": "Stats",
        "type": "Stat",
      },
      Object {
        "arguments": Array [
          Object {
            "defaultValue": undefined,
            "description": undefined,
            "directives": Array [],
            "isList": false,
            "isNull": true,
            "kind": "InputValueDefinition",
            "name": "meta",
            "type": "String",
          },
        ],
        "description": undefined,
        "directives": Array [],
        "isList": false,
        "isNull": true,
        "kind": "FieldDefinition",
        "name": "getMeta",
        "type": "Meta",
      },
    ],
    "interfaces": Array [
      Object {
        "isList": false,
        "isNull": true,
        "type": "Node",
      },
    ],
    "kind": "ObjectTypeDefinition",
    "name": "Tweet",
    "simplifiedKind": "object",
  },
  Object {
    "directives": Array [],
    "fields": Array [
      Object {
        "arguments": Array [],
        "description": undefined,
        "directives": Array [],
        "isList": false,
        "isNull": false,
        "kind": "FieldDefinition",
        "name": "id",
        "type": "ID",
      },
      Object {
        "arguments": Array [],
        "description": undefined,
        "directives": Array [],
        "isList": false,
        "isNull": true,
        "kind": "FieldDefinition",
        "name": "username",
        "type": "String",
      },
      Object {
        "arguments": Array [],
        "description": undefined,
        "directives": Array [],
        "isList": false,
        "isNull": true,
        "kind": "FieldDefinition",
        "name": "first_name",
        "type": "String",
      },
      Object {
        "arguments": Array [],
        "description": undefined,
        "directives": Array [],
        "isList": false,
        "isNull": true,
        "kind": "FieldDefinition",
        "name": "last_name",
        "type": "String",
      },
      Object {
        "arguments": Array [],
        "description": undefined,
        "directives": Array [],
        "isList": false,
        "isNull": true,
        "kind": "FieldDefinition",
        "name": "full_name",
        "type": "String",
      },
      Object {
        "arguments": Array [],
        "description": undefined,
        "directives": Array [
          Object {
            "arguments": Array [],
            "kind": "Directive",
            "name": "@deprecated",
          },
        ],
        "isList": false,
        "isNull": true,
        "kind": "FieldDefinition",
        "name": "name",
        "type": "String",
      },
      Object {
        "arguments": Array [],
        "description": undefined,
        "directives": Array [
          Object {
            "arguments": Array [
              Object {
                "kind": "Argument",
                "name": "reason",
                "value": "Replaced by the \`Media\` field \`avatar\`.",
              },
            ],
            "kind": "Directive",
            "name": "@deprecated",
          },
        ],
        "isList": false,
        "isNull": true,
        "kind": "FieldDefinition",
        "name": "avatar_url",
        "type": "Url",
      },
      Object {
        "arguments": Array [],
        "description": undefined,
        "directives": Array [],
        "isList": false,
        "isNull": true,
        "kind": "FieldDefinition",
        "name": "avatar",
        "type": "Media",
      },
    ],
    "interfaces": Array [
      Object {
        "isList": false,
        "isNull": true,
        "type": "Node",
      },
    ],
    "kind": "ObjectTypeDefinition",
    "name": "User",
    "simplifiedKind": "object",
  },
  Object {
    "directives": Array [],
    "fields": Array [
      Object {
        "arguments": Array [],
        "description": undefined,
        "directives": Array [],
        "isList": false,
        "isNull": true,
        "kind": "FieldDefinition",
        "name": "views",
        "type": "Int",
      },
      Object {
        "arguments": Array [],
        "description": undefined,
        "directives": Array [
          Object {
            "arguments": Array [
              Object {
                "kind": "Argument",
                "name": "reason",
                "value": "Use \`reactions\`.",
              },
            ],
            "kind": "Directive",
            "name": "@deprecated",
          },
        ],
        "isList": false,
        "isNull": true,
        "kind": "FieldDefinition",
        "name": "likes",
        "type": "Int",
      },
      Object {
        "arguments": Array [],
        "description": undefined,
        "directives": Array [],
        "isList": false,
        "isNull": true,
        "kind": "FieldDefinition",
        "name": "reactions",
        "type": "Int",
      },
      Object {
        "arguments": Array [],
        "description": undefined,
        "directives": Array [],
        "isList": false,
        "isNull": true,
        "kind": "FieldDefinition",
        "name": "retweets",
        "type": "Int",
      },
      Object {
        "arguments": Array [],
        "description": undefined,
        "directives": Array [],
        "isList": false,
        "isNull": true,
        "kind": "FieldDefinition",
        "name": "responses",
        "type": "Int",
      },
    ],
    "interfaces": Array [],
    "kind": "ObjectTypeDefinition",
    "name": "Stat",
    "simplifiedKind": "object",
  },
  Object {
    "directives": Array [],
    "fields": Array [
      Object {
        "arguments": Array [],
        "description": undefined,
        "directives": Array [],
        "isList": false,
        "isNull": true,
        "kind": "FieldDefinition",
        "name": "id",
        "type": "ID",
      },
      Object {
        "arguments": Array [],
        "description": undefined,
        "directives": Array [],
        "isList": false,
        "isNull": true,
        "kind": "FieldDefinition",
        "name": "date",
        "type": "Date",
      },
      Object {
        "arguments": Array [],
        "description": undefined,
        "directives": Array [],
        "isList": false,
        "isNull": true,
        "kind": "FieldDefinition",
        "name": "type",
        "type": "String",
      },
    ],
    "interfaces": Array [],
    "kind": "ObjectTypeDefinition",
    "name": "Notification",
    "simplifiedKind": "object",
  },
  Object {
    "directives": Array [],
    "fields": Array [
      Object {
        "arguments": Array [],
        "description": undefined,
        "directives": Array [],
        "isList": false,
        "isNull": true,
        "kind": "FieldDefinition",
        "name": "count",
        "type": "Int",
      },
    ],
    "interfaces": Array [],
    "kind": "ObjectTypeDefinition",
    "name": "Meta",
    "simplifiedKind": "object",
  },
  Object {
    "directives": Array [],
    "kind": "ScalarTypeDefinition",
    "name": "Url",
    "simplifiedKind": "scalar",
  },
  Object {
    "directives": Array [],
    "kind": "ScalarTypeDefinition",
    "name": "Date",
    "simplifiedKind": "scalar",
  },
  Object {
    "arguments": Array [
      Object {
        "defaultValue": undefined,
        "description": undefined,
        "directives": Array [],
        "isList": false,
        "isNull": false,
        "kind": "InputValueDefinition",
        "name": "id",
        "type": "ID",
      },
    ],
    "description": undefined,
    "directives": Array [],
    "isList": false,
    "isNull": true,
    "kind": "OperationTypeDefinition",
    "name": "Tweet",
    "operation": "Query",
    "simplifiedKind": "query",
    "type": "TweetResponse",
  },
  Object {
    "arguments": Array [
      Object {
        "defaultValue": "5",
        "description": undefined,
        "directives": Array [],
        "isList": false,
        "isNull": true,
        "kind": "InputValueDefinition",
        "name": "limit",
        "type": "Int",
      },
      Object {
        "defaultValue": "0",
        "description": undefined,
        "directives": Array [],
        "isList": false,
        "isNull": true,
        "kind": "InputValueDefinition",
        "name": "skip",
        "type": "Int",
      },
      Object {
        "defaultValue": undefined,
        "description": undefined,
        "directives": Array [],
        "isList": false,
        "isNull": true,
        "kind": "InputValueDefinition",
        "name": "sort_field",
        "type": "String",
      },
      Object {
        "defaultValue": "ASC",
        "description": undefined,
        "directives": Array [],
        "isList": false,
        "isNull": true,
        "kind": "InputValueDefinition",
        "name": "sort_order",
        "type": "String",
      },
    ],
    "description": undefined,
    "directives": Array [],
    "isList": true,
    "isNull": false,
    "kind": "OperationTypeDefinition",
    "name": "Tweets",
    "operation": "Query",
    "simplifiedKind": "query",
    "type": "TweetResponse",
  },
  Object {
    "arguments": Array [],
    "description": undefined,
    "directives": Array [
      Object {
        "arguments": Array [],
        "kind": "Directive",
        "name": "@deprecated",
      },
    ],
    "isList": false,
    "isNull": true,
    "kind": "OperationTypeDefinition",
    "name": "TweetsMeta",
    "operation": "Query",
    "simplifiedKind": "query",
    "type": "Meta",
  },
  Object {
    "arguments": Array [
      Object {
        "defaultValue": undefined,
        "description": undefined,
        "directives": Array [],
        "isList": false,
        "isNull": false,
        "kind": "InputValueDefinition",
        "name": "id",
        "type": "ID",
      },
    ],
    "description": undefined,
    "directives": Array [
      Object {
        "arguments": Array [
          Object {
            "kind": "Argument",
            "name": "reason",
            "value": "Use \`Users\`.",
          },
        ],
        "kind": "Directive",
        "name": "@deprecated",
      },
    ],
    "isList": false,
    "isNull": true,
    "kind": "OperationTypeDefinition",
    "name": "User",
    "operation": "Query",
    "simplifiedKind": "query",
    "type": "User",
  },
  Object {
    "arguments": Array [
      Object {
        "defaultValue": undefined,
        "description": undefined,
        "directives": Array [],
        "isList": true,
        "isNull": false,
        "kind": "InputValueDefinition",
        "name": "id",
        "type": "ID",
      },
    ],
    "description": undefined,
    "directives": Array [],
    "isList": true,
    "isNull": false,
    "kind": "OperationTypeDefinition",
    "name": "Users",
    "operation": "Query",
    "simplifiedKind": "query",
    "type": "User",
  },
  Object {
    "arguments": Array [],
    "description": undefined,
    "directives": Array [
      Object {
        "arguments": Array [],
        "kind": "Directive",
        "name": "@deprecated",
      },
    ],
    "isList": false,
    "isNull": true,
    "kind": "OperationTypeDefinition",
    "name": "NotificationsMeta",
    "operation": "Query",
    "simplifiedKind": "query",
    "type": "Meta",
  },
  Object {
    "arguments": Array [
      Object {
        "defaultValue": undefined,
        "description": undefined,
        "directives": Array [
          Object {
            "arguments": Array [
              Object {
                "kind": "Argument",
                "name": "reason",
                "value": "Use \`content\`.",
              },
            ],
            "kind": "Directive",
            "name": "@deprecated",
          },
        ],
        "isList": false,
        "isNull": true,
        "kind": "InputValueDefinition",
        "name": "input",
        "type": "TweetContent",
      },
      Object {
        "defaultValue": undefined,
        "description": undefined,
        "directives": Array [],
        "isList": false,
        "isNull": true,
        "kind": "InputValueDefinition",
        "name": "content",
        "type": "TweetContent",
      },
    ],
    "description": undefined,
    "directives": Array [],
    "isList": false,
    "isNull": true,
    "kind": "OperationTypeDefinition",
    "name": "createTweet",
    "operation": "Mutation",
    "simplifiedKind": "mutation",
    "type": "Tweet",
  },
  Object {
    "arguments": Array [
      Object {
        "defaultValue": undefined,
        "description": undefined,
        "directives": Array [],
        "isList": false,
        "isNull": false,
        "kind": "InputValueDefinition",
        "name": "id",
        "type": "ID",
      },
    ],
    "description": undefined,
    "directives": Array [],
    "isList": false,
    "isNull": true,
    "kind": "OperationTypeDefinition",
    "name": "deleteTweet",
    "operation": "Mutation",
    "simplifiedKind": "mutation",
    "type": "Tweet",
  },
  Object {
    "arguments": Array [
      Object {
        "defaultValue": undefined,
        "description": undefined,
        "directives": Array [],
        "isList": false,
        "isNull": false,
        "kind": "InputValueDefinition",
        "name": "id",
        "type": "ID",
      },
    ],
    "description": undefined,
    "directives": Array [],
    "isList": false,
    "isNull": true,
    "kind": "OperationTypeDefinition",
    "name": "markTweetRead",
    "operation": "Mutation",
    "simplifiedKind": "mutation",
    "type": "Boolean",
  },
  Object {
    "directives": Array [],
    "fields": Array [
      Object {
        "defaultValue": undefined,
        "description": undefined,
        "directives": Array [
          Object {
            "arguments": Array [
              Object {
                "kind": "Argument",
                "name": "reason",
                "value": "Use \`body\`.",
              },
            ],
            "kind": "Directive",
            "name": "@deprecated",
          },
        ],
        "isList": false,
        "isNull": true,
        "kind": "InputValueDefinition",
        "name": "content",
        "type": "String",
      },
      Object {
        "defaultValue": undefined,
        "description": undefined,
        "directives": Array [],
        "isList": false,
        "isNull": true,
        "kind": "InputValueDefinition",
        "name": "body",
        "type": "String",
      },
    ],
    "kind": "InputObjectTypeDefinition",
    "name": "TweetContent",
    "simplifiedKind": "input",
  },
  Object {
    "arguments": Array [
      Object {
        "defaultValue": undefined,
        "description": undefined,
        "directives": Array [],
        "isList": false,
        "isNull": true,
        "kind": "InputValueDefinition",
        "name": "limit",
        "type": "Int",
      },
    ],
    "description": undefined,
    "directives": Array [],
    "isList": true,
    "isNull": false,
    "kind": "OperationTypeDefinition",
    "name": "Notifications",
    "operation": "Subscription",
    "simplifiedKind": "subscription",
    "type": "Notification",
  },
]
`;
